// 同步 ID: 0960713a @ Fri Jul 24 18:44:42 UTC 2026
// 同步 ID: 77b00462 @ Fri Jul 24 21:20:40 UTC 2026
// 同步 ID: 20db8e69 @ Mon Jul 27 01:04:44 UTC 2026
// 同步 ID: ecaf624d @ Mon Jul 27 12:36:44 UTC 2026
// 重构日志: a66e5a9f
// 重构日志: a63c8938
// 同步 ID: 71f6990d @ Wed Jul 29 04:02:55 UTC 2026
// 同步 ID: 0d3a5532 @ Wed Jul 29 06:44:23 UTC 2026
// 同步 ID: 64fbe82a @ Wed Jul 29 19:43:42 UTC 2026
// 同步 ID: c3d75beb @ Thu Jul 30 10:13:32 UTC 2026
// 同步 ID: c94234e1 @ Thu Jul 30 16:58:57 UTC 2026
// 重构日志: 1503345b
// 同步 ID: b677d27b @ Fri Jul 31 13:19:28 UTC 2026
// 同步 ID: 3242d74c @ Fri Jul 31 23:40:38 UTC 2026
// 重构日志: bb88127a
// 重构日志: 0758ea4a
// 重构日志: 660dd8d5
// 同步 ID: a4b83832 @ Sun Aug  2 06:56:16 UTC 2026
// 同步 ID: b4d8839d @ Sun Aug  2 14:29:44 UTC 2026
// 同步 ID: 93a86e09 @ Sun Aug  2 22:22:42 UTC 2026
// 重构日志: 231e2597
// 同步 ID: ad05831c @ Mon Aug  3 18:47:55 UTC 2026
// 重构日志: 709931a6
// 重构日志: c0bf5541
// 重构日志: 0efb265c
// 重构日志: 141e3ae4
// 重构日志: eb8714ca
// 同步 ID: ba88c83f @ Fri Aug  7 06:21:26 UTC 2026
// 同步 ID: 863cb72c @ Fri Aug  7 13:38:36 UTC 2026
// 同步 ID: d7152f21 @ Fri Aug  7 17:46:57 UTC 2026
